Command: /home/sergio/.espressif/python_env/idf5.5_py3.13_env/bin/python /mnt/disk/App_linux/opt/esp-idf/tools/idf_monitor.py -p /dev/ttyACM0 -b 115200 --toolchain-prefix xtensa-esp32-elf- --target esp32 --revision 0 /home/sergio/CAP/firmware/build/app_main.elf /home/sergio/CAP/firmware/build/bootloader/bootloader.elf -m '/home/sergio/.espressif/python_env/idf5.5_py3.13_env/bin/python' '/mnt/disk/App_linux/opt/esp-idf/tools/idf.py' '-p' '/dev/ttyACM0'
ï¿½J
ï¿½ets Jul 29 2019 12:21:46

rst:0x1 (POWERON_RESET),boot:0x13 (SPI_FAST_FLASH_BOOT)
configsip: 0, SPIWP:0xee
clk_drv:0x00,q_drv:0x00,d_drv:0x00,cs0_drv:0x00,hd_drv:0x00,wp_drv:0x00
mode:DIO, clock div:2
load:0x3fff0030,len:6380
ho 0 tail 12 room 4
load:0x40078000,len:15916
load:0x40080400,len:3860
entry 0x40080638
[0;32mI (29) boot: ESP-IDF v5.5.1-dirty 2nd stage bootloader[0m
[0;32mI (29) boot: compile time Nov 13 2025 10:58:22[0m
[0;32mI (29) boot: Multicore bootloader[0m
[0;32mI (31) boot: chip revision: v3.1[0m
[0;32mI (34) boot.esp32: SPI Speed      : 40MHz[0m
[0;32mI (38) boot.esp32: SPI Mode       : DIO[0m
[0;32mI (41) boot.esp32: SPI Flash Size : 2MB[0m
[0;32mI (45) boot: Enabling RNG early entropy source...[0m
[0;32mI (49) boot: Partition Table:[0m
[0;32mI (52) boot: ## Label            Usage          Type ST Offset   Length[0m
[0;32mI (58) boot:  0 nvs              WiFi data        01 02 00009000 00006000[0m
[0;32mI (65) boot:  1 phy_init         RF data          01 01 0000f000 00001000[0m
[0;32mI (71) boot:  2 factory          factory app      00 00 00010000 001f0000[0m
[0;32mI (78) boot: End of partition table[0m
[0;32mI (81) esp_image: segment 0: paddr=00010020 vaddr=3f400020 size=25b68h (154472) map[0m
[0;32mI (141) esp_image: segment 1: paddr=00035b90 vaddr=3ffbdb60 size=04ad0h ( 19152) load[0m
[0;32mI (149) esp_image: segment 2: paddr=0003a668 vaddr=40080000 size=059b0h ( 22960) load[0m
[0;32mI (158) esp_image: segment 3: paddr=00040020 vaddr=400d0020 size=92614h (599572) map[0m
[0;32mI (363) esp_image: segment 4: paddr=000d263c vaddr=400859b0 size=14e68h ( 85608) load[0m
[0;32mI (396) esp_image: segment 5: paddr=000e74ac vaddr=50000000 size=00020h (    32) load[0m
[0;32mI (410) boot: Loaded app from partition at offset 0x10000[0m
[0;32mI (410) boot: Disabling RNG early entropy source...[0m
[0;32mI (420) cpu_start: Multicore app[0m
[0;32mI (429) cpu_start: Pro cpu start user code[0m
[0;32mI (429) cpu_start: cpu freq: 160000000 Hz[0m
[0;32mI (429) app_init: Application information:[0m
[0;32mI (429) app_init: Project name:     app_main[0m
[0;32mI (433) app_init: App version:      1[0m
[0;32mI (436) app_init: Compile time:     Nov 13 2025 10:51:12[0m
[0;32mI (441) app_init: ELF file SHA256:  f79b0077b...[0m
[0;32mI (446) app_init: ESP-IDF:          v5.5.1-dirty[0m
[0;32mI (450) efuse_init: Min chip rev:     v0.0[0m
[0;32mI (454) efuse_init: Max chip rev:     v3.99 [0m
[0;32mI (458) efuse_init: Chip rev:         v3.1[0m
[0;32mI (462) heap_init: Initializing. RAM available for dynamic allocation:[0m
[0;32mI (468) heap_init: At 3FFAFF10 len 000000F0 (0 KiB): DRAM[0m
[0;32mI (473) heap_init: At 3FFB6388 len 00001C78 (7 KiB): DRAM[0m
[0;32mI (478) heap_init: At 3FFB9A20 len 00004108 (16 KiB): DRAM[0m
[0;32mI (483) heap_init: At 3FFCAEB0 len 00015150 (84 KiB): DRAM[0m
[0;32mI (488) heap_init: At 3FFE0440 len 00003AE0 (14 KiB): D/IRAM[0m
[0;32mI (494) heap_init: At 3FFE4350 len 0001BCB0 (111 KiB): D/IRAM[0m
[0;32mI (499) heap_init: At 4009A818 len 000057E8 (21 KiB): IRAM[0m
[0;33mW (506) spi_flash: Detected boya flash chip but using generic driver. For optimal functionality, enable `SPI_FLASH_SUPPORT_BOYA_CHIP` in menuconfig[0m
[0;32mI (518) spi_flash: detected chip: generic[0m
[0;32mI (521) spi_flash: flash io: dio[0m
[0;33mW (524) spi_flash: Detected size(4096k) larger than the size in the binary image header(2048k). Using the size in the binary image header.[0m
[0;33mW (536) i2c: This driver is an old driver, please migrate your application code to adapt `driver/i2c_master.h`[0m
[0;32mI (547) coexist: coex firmware version: b0bcc39[0m
[0;32mI (551) main_task: Started on CPU0[0m
[0;32mI (561) main_task: Calling app_main()[0m
[0;32mI (561) SDCard_SPI: Proceding to Sdcard initialization...[0m
[0;32mI (1561) SDCard_SPI: Using SPI peripheral[0m
SDCard_SPI:Using SPI peripheralI (3561) SDCard_SPI: Mounting filesystem

[0;32mI (4561) sdspi_transaction: cmd=52, R1 response: command not supported[0m
[0;32mI (4601) sdspi_transaction: cmd=5, R1 response: command not supported[0m
[0;32mI (4631) SDCard_SPI: Filesystem mounted[0m

[0;32mI (4631) SDCard_SPI: Displaying sdcard information...[0m

Name: EITSD
Type: SDHC
Speed: 1.00 MHz (limit: 1.00 MHz)
Size: 29818MB
CSD: ver=2, sector_size=512, capacity=61067264 read_bl_len=9
SSR: bus_width=1
[0;32mI (4641) QP: Initializing I2C...[0m
[0;32mI (4651) QP: Initializing LCD...[0m
[0;32mI (4721) QP: Initialization completed![0m
[0;32mI (4721) SDCard_SPI: Listing files in: /sdcard/MUSIC[0m
[0;32mI (4731) SDCard_SPI: File: 01. Radiohead - Airbag (Remastered).flac[0m
[0;32mI (4741) SDCard_SPI: File: 02. Radiohead - Paranoid Android (Remastered).flac[0m
[0;32mI (4741) SDCard_SPI: File: 03. Radiohead - Subterranean Homesick Alien (Remastered).flac[0m
[0;32mI (4741) SDCard_SPI: File: 04. Radiohead - Exit Music (For A Film) (Remastered).flac[0m
[0;32mI (4751) SDCard_SPI: File: 05. Radiohead - Let Down (Remastered).flac[0m
[0;32mI (4761) SDCard_SPI: File: 06. Radiohead - Karma Police (Remastered).flac[0m
[0;32mI (4761) SDCard_SPI: File: 07. Radiohead - Fitter Happier (Remastered).flac[0m
[0;32mI (4771) SDCard_SPI: File: 08. Radiohead - Electioneering (Remastered).flac[0m
[0;32mI (4781) SDCard_SPI: File: 09. Radiohead - Climbing the Walls (Remastered).flac[0m
[0;32mI (4791) SDCard_SPI: File: 10. Radiohead - No Surprises (Remastered).flac[0m
[0;32mI (4791) SDCard_SPI: File: 11. Radiohead - Lucky (Remastered).flac[0m
[0;32mI (4801) SDCard_SPI: File: 12. Radiohead - The Tourist (Remastered).flac[0m
[0;32mI (4811) SDCard_SPI: File: 13. Radiohead - I Promise.flac[0m
[0;32mI (4811) SDCard_SPI: File: 14. Radiohead - Man of War.flac[0m
[0;32mI (4811) SDCard_SPI: File: 15. Radiohead - Lift.flac[0m
[0;32mI (4821) SDCard_SPI: File: 16. Radiohead - Lull (Remastered).flac[0m
[0;32mI (4831) SDCard_SPI: File: 17. Radiohead - Meeting in the Aisle.flac[0m
[0;32mI (4831) SDCard_SPI: File: 18. Radiohead - Melatonin (Remastered).flac[0m
[0;32mI (4841) SDCard_SPI: File: 19. Radiohead - A Reminder (Remastered).flac[0m
[0;32mI (4851) SDCard_SPI: File: 20. Radiohead - Polyethylene (Parts 1 & 2) (Remastered).flac[0m
[0;32mI (4851) SDCard_SPI: File: 21. Radiohead - Pearly (Remastered).flac[0m
[0;32mI (4861) SDCard_SPI: File: 22. Radiohead - Palo Alto (Remastered).flac[0m
[0;32mI (4871) SDCard_SPI: File: 23. Radiohead - How I Made My Millions (Remastered).flac[0m
[0;32mI (4871) SDCard_SPI: File: song.flac[0m
[1;31mE (6551) RCCT: Invalid AVRC event: 10[0m
[0;33mW (6551) BT_BTC: btc_avrc_tg_set_rn_supported_evt failed: AVRC TG not yet initialized[0m

[0;33mW (6551) BT_BTC: A2DP Enable with AVRC[0m
[0;33mW (6561) BT_AVRC: For AVRCP Target Cateory 1 and 3, SDP record shall contain additional protocol list[0m
[0;33mW (9591) BT_APPL: reset flags[0m
[0;33mW (10161) BT_HCI: hcif conn complete: hdl 0x81, st 0x0[0m
[0;33mW (10501) BT_APPL: new conn_srvc id:18, app_id:0[0m
[0;33mW (16551) BT_APPL: new conn_srvc id:18, app_id:1[0m

***ERROR*** A stack overflow in task flac_decoder has been detected.


Backtrace: 0x40090591:0x3ffe1660 0x40090559:0x3ffe1680 0x400915ee:0x3ffe16a0 0x40092b4b:0x3ffe1720 0x400916f8:0x3ffe1740 0x400917bd:0x3ffe1760 0x40091245:0x3ffe37a0




ELF file SHA256: f79b0077b

Rebooting...
ets Jul 29 2019 12:21:46

rst:0xc (SW_CPU_RESET),boot:0x13 (SPI_FAST_FLASH_BOOT)
configsip: 0, SPIWP:0xee
clk_drv:0x00,q_drv:0x00,d_drv:0x00,cs0_drv:0x00,hd_drv:0x00,wp_drv:0x00
mode:DIO, clock div:2
load:0x3fff0030,len:6380
ho 0 tail 12 room 4
load:0x40078000,len:15916
load:0x40080400,len:3860
entry 0x40080638
[0;32mI (29) boot: ESP-IDF v5.5.1-dirty 2nd stage bootloader[0m
[0;32mI (29) boot: compile time Nov 13 2025 10:58:22[0m
[0;32mI (29) boot: Multicore bootloader[0m
[0;32mI (31) boot: chip revision: v3.1[0m
[0;32mI (34) boot.esp32: SPI Speed      : 40MHz[0m
[0;32mI (38) boot.esp32: SPI Mode       : DIO[0m
[0;32mI (41) boot.esp32: SPI Flash Size : 2MB[0m
[0;32mI (45) boot: Enabling RNG early entropy source...[0m
[0;32mI (49) boot: Partition Table:[0m
[0;32mI (52) boot: ## Label            Usage          Type ST Offset   Length[0m
[0;32mI (58) boot:  0 nvs              WiFi data        01 02 00009000 00006000[0m
[0;32mI (65) boot:  1 phy_init         RF data          01 01 0000f000 00001000[0m
[0;32mI (71) boot:  2 factory          factory app      00 00 00010000 001f0000[0m
[0;32mI (78) boot: End of partition table[0m
[0;32mI (81) esp_image: segment 0: paddr=00010020 vaddr=3f400020 size=25b68h (154472) map[0m
[0;32mI (141) esp_image: segment 1: paddr=00035b90 vaddr=3ffbdb60 size=04ad0h ( 19152) load[0m
[0;32mI (149) esp_image: segment 2: paddr=0003a668 vaddr=40080000 size=059b0h ( 22960) load[0m
[0;32mI (158) esp_image: segment 3: paddr=00040020 vaddr=400d0020 size=92614h (599572) map[0m
[0;32mI (363) esp_image: segment 4: paddr=000d263c vaddr=400859b0 size=14e68h ( 85608) load[0m
[0;32mI (396) esp_image: segment 5: paddr=000e74ac vaddr=50000000 size=00020h (    32) load[0m
[0;32mI (410) boot: Loaded app from partition at offset 0x10000[0m
[0;32mI (410) boot: Disabling RNG early entropy source...[0m
[0;32mI (420) cpu_start: Multicore app[0m
[0;32mI (428) cpu_start: Pro cpu start user code[0m
[0;32mI (429) cpu_start: cpu freq: 160000000 Hz[0m
[0;32mI (429) app_init: Application information:[0m
[0;32mI (429) app_init: Project name:     app_main[0m
[0;32mI (433) app_init: App version:      1[0m
[0;32mI (436) app_init: Compile time:     Nov 13 2025 10:51:12[0m
[0;32mI (441) app_init: ELF file SHA256:  f79b0077b...[0m
[0;32mI (445) app_init: ESP-IDF:          v5.5.1-dirty[0m
[0;32mI (450) efuse_init: Min chip rev:     v0.0[0m
[0;32mI (454) efuse_init: Max chip rev:     v3.99 [0m
[0;32mI (458) efuse_init: Chip rev:         v3.1[0m
[0;32mI (462) heap_init: Initializing. RAM available for dynamic allocation:[0m
[0;32mI (468) heap_init: At 3FFAFF10 len 000000F0 (0 KiB): DRAM[0m
[0;32mI (473) heap_init: At 3FFB6388 len 00001C78 (7 KiB): DRAM[0m
[0;32mI (478) heap_init: At 3FFB9A20 len 00004108 (16 KiB): DRAM[0m
[0;32mI (483) heap_init: At 3FFCAEB0 len 00015150 (84 KiB): DRAM[0m
[0;32mI (488) heap_init: At 3FFE0440 len 00003AE0 (14 KiB): D/IRAM[0m
[0;32mI (494) heap_init: At 3FFE4350 len 0001BCB0 (111 KiB): D/IRAM[0m
[0;32mI (499) heap_init: At 4009A818 len 000057E8 (21 KiB): IRAM[0m
[0;33mW (506) spi_flash: Detected boya flash chip but using generic driver. For optimal functionality, enable `SPI_FLASH_SUPPORT_BOYA_CHIP` in menuconfig[0m
[0;32mI (517) spi_flash: detected chip: generic[0m
[0;32mI (521) spi_flash: flash io: dio[0m
[0;33mW (524) spi_flash: Detected size(4096k) larger than the size in the binary image header(2048k). Using the size in the binary image header.[0m
[0;33mW (536) i2c: This driver is an old driver, please migrate your application code to adapt `driver/i2c_master.h`[0m
[0;32mI (547) coexist: coex firmware version: b0bcc39[0m
[0;32mI (551) main_task: Started on CPU0[0m
[0;32mI (561) main_task: Calling app_main()[0m
[0;32mI (561) SDCard_SPI: Proceding to Sdcard initialization...[0m
[0;32mI (1561) SDCard_SPI: Using SPI peripheral[0m
